b 111
c 110
h 101
d 10011
a 10010
e 1000
f 01
g 00