i 111
g 1101
h 1100
a 10
f 01111
d 011101
e 011100
j 0110
b 010
c 00