641 + 335 = 976
561 + 338 = 899
389 + 401 = 790
998 + 950 = 1948
349 + 277 = 626
154 + 345 = 499
766 + 914 = 1680